
Discarded input sections

 .data          0x00000000        0x0 CMakeFiles/MCXE247Sandbox.dir/Debug/home/hbl/Desktop/CbtcGitRepos_test/Code/Common/CbtcFX/NXP/includes/MCXE247/startup_MCXE247.S.obj
 .bss           0x00000000        0x0 CMakeFiles/MCXE247Sandbox.dir/Debug/home/hbl/Desktop/CbtcGitRepos_test/Code/Common/CbtcFX/NXP/includes/MCXE247/startup_MCXE247.S.obj
 .group         0x00000000        0xc CMakeFiles/MCXE247Sandbox.dir/Debug/home/hbl/Desktop/CbtcGitRepos_test/Code/Common/CbtcFX/NXP/includes/MCXE247/system_MCXE247.c.obj
 .group         0x00000000        0xc CMakeFiles/MCXE247Sandbox.dir/Debug/home/hbl/Desktop/CbtcGitRepos_test/Code/Common/CbtcFX/NXP/includes/MCXE247/system_MCXE247.c.obj
 .group         0x00000000        0xc CMakeFiles/MCXE247Sandbox.dir/Debug/home/hbl/Desktop/CbtcGitRepos_test/Code/Common/CbtcFX/NXP/includes/MCXE247/system_MCXE247.c.obj
 .group         0x00000000        0xc CMakeFiles/MCXE247Sandbox.dir/Debug/home/hbl/Desktop/CbtcGitRepos_test/Code/Common/CbtcFX/NXP/includes/MCXE247/system_MCXE247.c.obj
 .group         0x00000000        0xc CMakeFiles/MCXE247Sandbox.dir/Debug/home/hbl/Desktop/CbtcGitRepos_test/Code/Common/CbtcFX/NXP/includes/MCXE247/system_MCXE247.c.obj
 .group         0x00000000        0xc CMakeFiles/MCXE247Sandbox.dir/Debug/home/hbl/Desktop/CbtcGitRepos_test/Code/Common/CbtcFX/NXP/includes/MCXE247/system_MCXE247.c.obj
 .group         0x00000000        0xc CMakeFiles/MCXE247Sandbox.dir/Debug/home/hbl/Desktop/CbtcGitRepos_test/Code/Common/CbtcFX/NXP/includes/MCXE247/system_MCXE247.c.obj
 .group         0x00000000        0xc CMakeFiles/MCXE247Sandbox.dir/Debug/home/hbl/Desktop/CbtcGitRepos_test/Code/Common/CbtcFX/NXP/includes/MCXE247/system_MCXE247.c.obj
 .group         0x00000000        0xc CMakeFiles/MCXE247Sandbox.dir/Debug/home/hbl/Desktop/CbtcGitRepos_test/Code/Common/CbtcFX/NXP/includes/MCXE247/system_MCXE247.c.obj
 .group         0x00000000        0xc CMakeFiles/MCXE247Sandbox.dir/Debug/home/hbl/Desktop/CbtcGitRepos_test/Code/Common/CbtcFX/NXP/includes/MCXE247/system_MCXE247.c.obj
 .group         0x00000000        0xc CMakeFiles/MCXE247Sandbox.dir/Debug/home/hbl/Desktop/CbtcGitRepos_test/Code/Common/CbtcFX/NXP/includes/MCXE247/system_MCXE247.c.obj
 .group         0x00000000        0xc CMakeFiles/MCXE247Sandbox.dir/Debug/home/hbl/Desktop/CbtcGitRepos_test/Code/Common/CbtcFX/NXP/includes/MCXE247/system_MCXE247.c.obj
 .group         0x00000000        0xc CMakeFiles/MCXE247Sandbox.dir/Debug/home/hbl/Desktop/CbtcGitRepos_test/Code/Common/CbtcFX/NXP/includes/MCXE247/system_MCXE247.c.obj
 .group         0x00000000        0xc CMakeFiles/MCXE247Sandbox.dir/Debug/home/hbl/Desktop/CbtcGitRepos_test/Code/Common/CbtcFX/NXP/includes/MCXE247/system_MCXE247.c.obj
 .group         0x00000000        0xc CMakeFiles/MCXE247Sandbox.dir/Debug/home/hbl/Desktop/CbtcGitRepos_test/Code/Common/CbtcFX/NXP/includes/MCXE247/system_MCXE247.c.obj
 .group         0x00000000        0xc CMakeFiles/MCXE247Sandbox.dir/Debug/home/hbl/Desktop/CbtcGitRepos_test/Code/Common/CbtcFX/NXP/includes/MCXE247/system_MCXE247.c.obj
 .group         0x00000000        0xc CMakeFiles/MCXE247Sandbox.dir/Debug/home/hbl/Desktop/CbtcGitRepos_test/Code/Common/CbtcFX/NXP/includes/MCXE247/system_MCXE247.c.obj
 .group         0x00000000        0xc CMakeFiles/MCXE247Sandbox.dir/Debug/home/hbl/Desktop/CbtcGitRepos_test/Code/Common/CbtcFX/NXP/includes/MCXE247/system_MCXE247.c.obj
 .group         0x00000000        0xc CMakeFiles/MCXE247Sandbox.dir/Debug/home/hbl/Desktop/CbtcGitRepos_test/Code/Common/CbtcFX/NXP/includes/MCXE247/system_MCXE247.c.obj
 .group         0x00000000        0xc CMakeFiles/MCXE247Sandbox.dir/Debug/home/hbl/Desktop/CbtcGitRepos_test/Code/Common/CbtcFX/NXP/includes/MCXE247/system_MCXE247.c.obj
 .group         0x00000000        0xc CMakeFiles/MCXE247Sandbox.dir/Debug/home/hbl/Desktop/CbtcGitRepos_test/Code/Common/CbtcFX/NXP/includes/MCXE247/system_MCXE247.c.obj
 .group         0x00000000        0xc CMakeFiles/MCXE247Sandbox.dir/Debug/home/hbl/Desktop/CbtcGitRepos_test/Code/Common/CbtcFX/NXP/includes/MCXE247/system_MCXE247.c.obj
 .group         0x00000000        0xc CMakeFiles/MCXE247Sandbox.dir/Debug/home/hbl/Desktop/CbtcGitRepos_test/Code/Common/CbtcFX/NXP/includes/MCXE247/system_MCXE247.c.obj
 .group         0x00000000        0xc CMakeFiles/MCXE247Sandbox.dir/Debug/home/hbl/Desktop/CbtcGitRepos_test/Code/Common/CbtcFX/NXP/includes/MCXE247/system_MCXE247.c.obj
 .group         0x00000000        0xc CMakeFiles/MCXE247Sandbox.dir/Debug/home/hbl/Desktop/CbtcGitRepos_test/Code/Common/CbtcFX/NXP/includes/MCXE247/system_MCXE247.c.obj
 .group         0x00000000        0xc CMakeFiles/MCXE247Sandbox.dir/Debug/home/hbl/Desktop/CbtcGitRepos_test/Code/Common/CbtcFX/NXP/includes/MCXE247/system_MCXE247.c.obj
 .group         0x00000000        0xc CMakeFiles/MCXE247Sandbox.dir/Debug/home/hbl/Desktop/CbtcGitRepos_test/Code/Common/CbtcFX/NXP/includes/MCXE247/system_MCXE247.c.obj
[...]
Memory Configuration

Name             Origin             Length             Attributes
m_interrupts     0x00000000         0x00000400         xr
m_flash_config   0x00000400         0x00000010         xr
m_text           0x00000410         0x0017fbf0         xr
m_data           0x1ffe0000         0x00020000         rw
m_data_2         0x20000000         0x0001f000         rw
*default*        0x00000000         0xffffffff

Linker script and memory map

LOAD CMakeFiles/MCXE247Sandbox.dir/Debug/home/hbl/Desktop/CbtcGitRepos_test/Code/Common/CbtcFX/NXP/includes/MCXE247/startup_MCXE247.S.obj
LOAD CMakeFiles/MCXE247Sandbox.dir/Debug/home/hbl/Desktop/CbtcGitRepos_test/Code/Common/CbtcFX/NXP/includes/MCXE247/system_MCXE247.c.obj
LOAD CMakeFiles/MCXE247Sandbox.dir/Debug/src/min_runtime.c.obj
LOAD CMakeFiles/MCXE247Sandbox.dir/Debug/src/board.c.obj
LOAD CMakeFiles/MCXE247Sandbox.dir/Debug/src/clock_config.c.obj
LOAD CMakeFiles/MCXE247Sandbox.dir/Debug/src/hardware_init.c.obj
LOAD CMakeFiles/MCXE247Sandbox.dir/Debug/src/pin_mux.c.obj
LOAD CMakeFiles/MCXE247Sandbox.dir/Debug/src/gpio_input_interrupt.c.obj
LOAD CMakeFiles/MCXE247Sandbox.dir/Debug/src/fsl_memcpy.S.obj
LOAD CMakeFiles/MCXE247Sandbox.dir/Debug/home/hbl/Desktop/CbtcGitRepos_test/Code/Common/CbtcFX/NXP/drivers/MCXE247/fsl_clock.c.obj
LOAD CMakeFiles/MCXE247Sandbox.dir/Debug/home/hbl/Desktop/CbtcGitRepos_test/Code/Common/CbtcFX/NXP/drivers/MCXE247/fsl_common.c.obj
LOAD CMakeFiles/MCXE247Sandbox.dir/Debug/home/hbl/Desktop/CbtcGitRepos_test/Code/Common/CbtcFX/NXP/drivers/MCXE247/fsl_gpio.c.obj
                0x00000400                        HEAP_SIZE = DEFINED (__heap_size__)?__heap_size__:0x400
                0x00000400                        STACK_SIZE = DEFINED (__stack_size__)?__stack_size__:0x400

.interrupts     0x00000000      0x400
                0x00000000                        . = ALIGN (0x4)
 *(.isr_vector)
 .isr_vector    0x00000000      0x400 CMakeFiles/MCXE247Sandbox.dir/Debug/home/hbl/Desktop/CbtcGitRepos_test/Code/Common/CbtcFX/NXP/includes/MCXE247/startup_MCXE247.S.obj
                0x00000000                __isr_vector
                0x00000400                        . = ALIGN (0x4)

.flash_config   0x00000400       0x10
                0x00000400                        . = ALIGN (0x4)
 *(.FlashConfig)
 .FlashConfig   0x00000400       0x10 CMakeFiles/MCXE247Sandbox.dir/Debug/home/hbl/Desktop/CbtcGitRepos_test/Code/Common/CbtcFX/NXP/includes/MCXE247/startup_MCXE247.S.obj
                0x00000410                        . = ALIGN (0x4)

.text           0x00000410      0xba4
                0x00000410                        . = ALIGN (0x4)
 *(.text)
 .text          0x00000410      0x22c CMakeFiles/MCXE247Sandbox.dir/Debug/home/hbl/Desktop/CbtcGitRepos_test/Code/Common/CbtcFX/NXP/includes/MCXE247/startup_MCXE247.S.obj
                0x00000410                Reset_Handler
                0x00000470                Reserved54_IRQHandler
                0x00000470                FTM5_Ch2_Ch3_IRQHandler
                0x00000470                LPSPI2_DriverIRQHandler
                0x00000470                I2S1_Rx_DriverIRQHandler
                0x00000470                DebugMon_Handler
                0x00000470                LPI2C1_Slave_DriverIRQHandler
                0x00000470                DMA0_DriverIRQHandler
                0x00000470                DMA12_DriverIRQHandler
                0x00000470                FTM7_Ch2_Ch3_IRQHandler
                0x00000470                Reserved103_IRQHandler
                0x00000470                QSPI_Ored_DriverIRQHandler
                0x00000470                DMA_Error_DriverIRQHandler
                0x00000470                FTM7_Ch6_Ch7_IRQHandler
                0x00000470                FTM2_Ovf_Reload_IRQHandler
                0x00000470                Reserved50_IRQHandler
                0x00000470                FTM0_Ch6_Ch7_IRQHandler
                0x00000470                Reserved114_IRQHandler
                0x00000470                ERM_double_fault_IRQHandler
                0x00000470                ENET_Wake_DriverIRQHandler
                0x00000470                Reserved59_IRQHandler
                0x00000470                LPIT0_Ch0_IRQHandler
                0x00000470                Reserved99_IRQHandler
                0x00000470                FTM7_Ch4_Ch5_IRQHandler
                0x00000470                FTM3_Ch6_Ch7_IRQHandler
                0x00000470                I2S0_Tx_DriverIRQHandler
                0x00000470                CAN1_ORed_0_15_MB_DriverIRQHandler
                0x00000470                LPIT0_Ch3_IRQHandler
                0x00000470                DMA6_DriverIRQHandler
                0x00000470                FTM0_Ch4_Ch5_IRQHandler
                0x00000470                FTM4_Ch6_Ch7_IRQHandler
                0x00000470                FTM3_Ch0_Ch1_IRQHandler
                0x00000470                ENET_1588_Timer_DriverIRQHandler
                0x00000470                SWI_IRQHandler
                0x00000470                CAN0_Wake_Up_DriverIRQHandler
                0x00000470                ADC0_IRQHandler
                0x00000470                FTM2_Ch4_Ch5_IRQHandler
                0x00000470                UsageFault_Handler
                0x00000470                FTM0_Ovf_Reload_IRQHandler
                0x00000470                FTM4_Fault_IRQHandler
                0x00000470                DefaultISR
                0x00000470                Reserved58_IRQHandler
                0x00000470                FTM7_Fault_IRQHandler
                0x00000470                FTM1_Ch2_Ch3_IRQHandler
                0x00000470                DMA11_DriverIRQHandler
                0x00000470                Reserved82_IRQHandler
                0x00000470                CAN0_ORed_0_15_MB_DriverIRQHandler
                0x00000470                FLEXIO_DriverIRQHandler
                0x00000470                PORTD_IRQHandler
                0x00000470                Reserved69_IRQHandler
                0x00000470                PORTB_IRQHandler
                0x00000470                DMA10_DriverIRQHandler
                0x00000470                LPUART2_DriverIRQHandler
                0x00000470                Reserved70_IRQHandler
                0x00000470                CAN2_ORed_0_15_MB_DriverIRQHandler
                0x00000470                ADC1_IRQHandler
                0x00000470                FTM2_Ch2_Ch3_IRQHandler
                0x00000470                DMA5_DriverIRQHandler
                0x00000470                DMA4_DriverIRQHandler
                0x00000470                CAN1_Error_DriverIRQHandler
                0x00000470                FTM5_Ch0_Ch1_IRQHandler
                0x00000470                CAN0_ORed_16_31_MB_DriverIRQHandler
                0x00000470                Reserved53_IRQHandler
                0x00000470                RTC_IRQHandler
                0x00000470                PDB0_IRQHandler
                0x00000470                FTM6_Fault_IRQHandler
                0x00000470                FTM2_Ch6_Ch7_IRQHandler
                0x00000470                FTM6_Ch4_Ch5_IRQHandler
                0x00000470                FTM3_Ch2_Ch3_IRQHandler
                0x00000470                FTM6_Ch2_Ch3_IRQHandler
                0x00000470                FTM2_Ch0_Ch1_IRQHandler
                0x00000470                DMA3_DriverIRQHandler
                0x00000470                FTM4_Ovf_Reload_IRQHandler
                0x00000470                RTC_Seconds_IRQHandler
                0x00000470                LPI2C0_Master_DriverIRQHandler
                0x00000470                FTM7_Ch0_Ch1_IRQHandler
                0x00000470                DMA9_DriverIRQHandler
                0x00000470                DMA8_DriverIRQHandler
                0x00000470                LPI2C1_Master_DriverIRQHandler
                0x00000470                Reserved110_IRQHandler
                0x00000470                LPUART1_DriverIRQHandler
                0x00000470                Reserved107_IRQHandler
                0x00000470                DMA14_DriverIRQHandler
                0x00000470                FTM1_Ch6_Ch7_IRQHandler
                0x00000470                FTM5_Fault_IRQHandler
                0x00000470                FTM6_Ovf_Reload_IRQHandler
                0x00000470                LPSPI0_DriverIRQHandler
                0x00000470                CAN0_ORed_DriverIRQHandler
                0x00000470                ENET_Graceful_Stop_DriverIRQHandler
                0x00000470                CAN1_ORed_16_31_MB_DriverIRQHandler
                0x00000470                LPIT0_Ch1_IRQHandler
                0x00000470                FTM4_Ch0_Ch1_IRQHandler
                0x00000470                FTM1_Ch4_Ch5_IRQHandler
                0x00000470                FTM3_Ovf_Reload_IRQHandler
                0x00000470                CAN2_ORed_DriverIRQHandler
                0x00000470                FTM5_Ch4_Ch5_IRQHandler
                0x00000470                LPI2C0_Slave_DriverIRQHandler
                0x00000470                I2S0_Rx_DriverIRQHandler
                0x00000470                WDOG_EWM_IRQHandler
                0x00000470                MemManage_Handler
                0x00000470                Reserved83_IRQHandler
                0x00000470                FTM0_Fault_IRQHandler
                0x00000470                FTM6_Ch6_Ch7_IRQHandler
                0x00000470                Reserved48_IRQHandler
                0x00000470                ERM_single_fault_IRQHandler
                0x00000470                FTM2_Fault_IRQHandler
                0x00000470                CAN1_ORed_DriverIRQHandler
                0x00000470                FTM0_Ch2_Ch3_IRQHandler
                0x00000470                FTM4_Ch2_Ch3_IRQHandler
                0x00000470                CAN2_ORed_16_31_MB_DriverIRQHandler
                0x00000470                FTM0_Ch0_Ch1_IRQHandler
                0x00000470                FTM4_Ch4_Ch5_IRQHandler
                0x00000470                FTM5_Ovf_Reload_IRQHandler
                0x00000470                FTM3_Fault_IRQHandler
                0x00000470                DMA1_DriverIRQHandler
                0x00000470                RCM_IRQHandler
                0x00000470                Reserved100_IRQHandler
                0x00000470                LPSPI1_DriverIRQHandler
                0x00000470                ENET_Receive_DriverIRQHandler
                0x00000470                SCG_IRQHandler
                0x00000470                DMA13_DriverIRQHandler
                0x00000470                FTFM_Fault_IRQHandler
                0x00000470                PDB1_IRQHandler
                0x00000470                ENET_Error_DriverIRQHandler
                0x00000470                DMA15_DriverIRQHandler
                0x00000470                LPUART0_DriverIRQHandler
                0x00000470                I2S1_Tx_DriverIRQHandler
                0x00000470                FTM1_Fault_IRQHandler
                0x00000470                Reserved106_IRQHandler
                0x00000470                LVD_LVW_IRQHandler
                0x00000470                LPIT0_Ch2_IRQHandler
                0x00000470                FTM5_Ch6_Ch7_IRQHandler
                0x00000470                MCM_IRQHandler
                0x00000470                FTM7_Ovf_Reload_IRQHandler
                0x00000470                FTM3_Ch4_Ch5_IRQHandler
                0x00000470                FTFC_Read_Collision_IRQHandler
                0x00000470                PORTE_IRQHandler
                0x00000470                CAN2_Error_DriverIRQHandler
                0x00000470                FTM6_Ch0_Ch1_IRQHandler
                0x00000470                LPTMR0_IRQHandler
                0x00000470                BusFault_Handler
                0x00000470                FTM1_Ovf_Reload_IRQHandler
                0x00000470                DMA2_DriverIRQHandler
                0x00000470                ENET_Transmit_DriverIRQHandler
                0x00000470                FTFC_CMD_IRQHandler
                0x00000470                DMA7_DriverIRQHandler
                0x00000470                CMP0_IRQHandler
                0x00000470                Reserved52_IRQHandler
                0x00000470                PORTC_IRQHandler
                0x00000470                CAN0_Error_DriverIRQHandler
                0x00000470                FTM1_Ch0_Ch1_IRQHandler
                0x00000470                Reserved113_IRQHandler
                0x00000474                NMI_Handler
                0x00000478                HardFault_Handler
                0x0000047c                SVC_Handler
                0x00000480                PendSV_Handler
                0x00000484                SysTick_Handler
                0x00000488                DMA0_IRQHandler
                0x0000048c                DMA1_IRQHandler
                0x00000490                DMA2_IRQHandler
                0x00000494                DMA3_IRQHandler
                0x00000498                DMA4_IRQHandler
                0x0000049c                DMA5_IRQHandler
                0x000004a0                DMA6_IRQHandler
                0x000004a4                DMA7_IRQHandler
                0x000004a8                DMA8_IRQHandler
                0x000004ac                DMA9_IRQHandler
                0x000004b0                DMA10_IRQHandler
                0x000004b4                DMA11_IRQHandler
                0x000004b8                DMA12_IRQHandler
                0x000004bc                DMA13_IRQHandler
                0x000004c0                DMA14_IRQHandler
                0x000004c4                DMA15_IRQHandler
                0x000004c8                DMA_Error_IRQHandler
                0x000004cc                LPI2C0_Master_IRQHandler
                0x000004d0                LPI2C0_Slave_IRQHandler
                0x000004d4                LPSPI0_IRQHandler
                0x000004d8                LPSPI1_IRQHandler
                0x000004dc                LPSPI2_IRQHandler
                0x000004e0                LPI2C1_Master_IRQHandler
                0x000004e4                LPI2C1_Slave_IRQHandler
                0x000004e8                LPUART0_IRQHandler
                0x000004ec                LPUART1_IRQHandler
                0x000004f0                LPUART2_IRQHandler
                0x000004f4                I2S1_Tx_IRQHandler
                0x000004f8                I2S1_Rx_IRQHandler
                0x000004fc                QSPI_Ored_IRQHandler
                0x00000500                FLEXIO_IRQHandler
                0x00000504                I2S0_Tx_IRQHandler
                0x00000508                I2S0_Rx_IRQHandler
                0x0000050c                ENET_1588_Timer_IRQHandler
                0x00000510                ENET_Transmit_IRQHandler
                0x00000514                ENET_Receive_IRQHandler
                0x00000518                ENET_Error_IRQHandler
                0x0000051c                ENET_Graceful_Stop_IRQHandler
                0x00000520                ENET_Wake_IRQHandler
                0x00000524                CAN0_ORed_IRQHandler
                0x00000528                CAN0_Error_IRQHandler
                0x0000052c                CAN0_Wake_Up_IRQHandler
                0x00000530                CAN0_ORed_0_15_MB_IRQHandler
                0x00000534                CAN0_ORed_16_31_MB_IRQHandler
                0x00000538                CAN1_ORed_IRQHandler
                0x0000053c                CAN1_Error_IRQHandler
                0x00000540                CAN1_ORed_0_15_MB_IRQHandler
                0x00000544                CAN1_ORed_16_31_MB_IRQHandler
                0x00000548                CAN2_ORed_IRQHandler
                0x0000054c                CAN2_Error_IRQHandler
                0x00000550                CAN2_ORed_0_15_MB_IRQHandler
                0x00000554                CAN2_ORed_16_31_MB_IRQHandler
 *(.text*)
 .text.SystemInitHook
                0x0000063c        0xa CMakeFiles/MCXE247Sandbox.dir/Debug/home/hbl/Desktop/CbtcGitRepos_test/Code/Common/CbtcFX/NXP/includes/MCXE247/system_MCXE247.c.obj
                0x0000063c                SystemInitHook
 *fill*         0x00000646        0x2 
 .text.SystemInit
                0x00000648       0x74 CMakeFiles/MCXE247Sandbox.dir/Debug/home/hbl/Desktop/CbtcGitRepos_test/Code/Common/CbtcFX/NXP/includes/MCXE247/system_MCXE247.c.obj
                0x00000648                SystemInit
 .text._start   0x000006bc        0xa CMakeFiles/MCXE247Sandbox.dir/Debug/src/min_runtime.c.obj
                0x000006bc                _start
 .text.__assert_func
                0x000006c6        0x6 CMakeFiles/MCXE247Sandbox.dir/Debug/src/min_runtime.c.obj
                0x000006c6                __assert_func
 .text.BOARD_InitDebugConsole
                0x000006cc        0xa CMakeFiles/MCXE247Sandbox.dir/Debug/src/board.c.obj
                0x000006cc                BOARD_InitDebugConsole
 *fill*         0x000006d6        0x2 
 .text.CLOCK_CONFIG_SetRtcClock
                0x000006d8       0x20 CMakeFiles/MCXE247Sandbox.dir/Debug/src/clock_config.c.obj
 .text.CLOCK_CONFIG_FircSafeConfig
                0x000006f8       0x80 CMakeFiles/MCXE247Sandbox.dir/Debug/src/clock_config.c.obj
 .text.BOARD_BootClockRUN_InitClockModule
                0x00000778       0xc8 CMakeFiles/MCXE247Sandbox.dir/Debug/src/clock_config.c.obj
                0x00000778                BOARD_BootClockRUN_InitClockModule
 .text.BOARD_BootClockRUN
                0x00000840       0x40 CMakeFiles/MCXE247Sandbox.dir/Debug/src/clock_config.c.obj
                0x00000840                BOARD_BootClockRUN
 .text.BOARD_InitBootClocks
                0x00000880        0xa CMakeFiles/MCXE247Sandbox.dir/Debug/src/clock_config.c.obj
                0x00000880                BOARD_InitBootClocks
 .text.BOARD_InitHardware
                0x0000088a       0x1e CMakeFiles/MCXE247Sandbox.dir/Debug/src/hardware_init.c.obj
                0x0000088a                BOARD_InitHardware
 .text.CLOCK_EnableClock
                0x000008a8       0x48 CMakeFiles/MCXE247Sandbox.dir/Debug/src/pin_mux.c.obj
 .text.BOARD_InitDEBUG_UARTPins
                0x000008f0       0x3c CMakeFiles/MCXE247Sandbox.dir/Debug/src/pin_mux.c.obj
                0x000008f0                BOARD_InitDEBUG_UARTPins
 .text.BOARD_InitBootPins
                0x0000092c        0xa CMakeFiles/MCXE247Sandbox.dir/Debug/src/pin_mux.c.obj
                0x0000092c                BOARD_InitBootPins
 *fill*         0x00000936        0x2 
 .text.BOARD_InitLEDsPins
                0x00000938       0x48 CMakeFiles/MCXE247Sandbox.dir/Debug/src/pin_mux.c.obj
                0x00000938                BOARD_InitLEDsPins
 .text.BOARD_InitBUTTONsPins
                0x00000980       0x3c CMakeFiles/MCXE247Sandbox.dir/Debug/src/pin_mux.c.obj
                0x00000980                BOARD_InitBUTTONsPins
 .text.__NVIC_EnableIRQ
                0x000009bc       0x24 CMakeFiles/MCXE247Sandbox.dir/Debug/src/gpio_input_interrupt.c.obj
 .text.PORTA_IRQHandler
                0x000009e0       0x24 CMakeFiles/MCXE247Sandbox.dir/Debug/src/gpio_input_interrupt.c.obj
                0x000009e0                PORTA_IRQHandler
 .text.main     0x00000a04       0x68 CMakeFiles/MCXE247Sandbox.dir/Debug/src/gpio_input_interrupt.c.obj
                0x00000a04                main
 .text.CLOCK_DeinitSysOsc
                0x00000a6c       0x38 CMakeFiles/MCXE247Sandbox.dir/Debug/home/hbl/Desktop/CbtcGitRepos_test/Code/Common/CbtcFX/NXP/drivers/MCXE247/fsl_clock.c.obj
                0x00000a6c                CLOCK_DeinitSysOsc
 .text.CLOCK_InitSysOsc
                0x00000aa4       0xac CMakeFiles/MCXE247Sandbox.dir/Debug/home/hbl/Desktop/CbtcGitRepos_test/Code/Common/CbtcFX/NXP/drivers/MCXE247/fsl_clock.c.obj
                0x00000aa4                CLOCK_InitSysOsc
 .text.CLOCK_DeinitSirc
                0x00000b50       0x34 CMakeFiles/MCXE247Sandbox.dir/Debug/home/hbl/Desktop/CbtcGitRepos_test/Code/Common/CbtcFX/NXP/drivers/MCXE247/fsl_clock.c.obj
                0x00000b50                CLOCK_DeinitSirc
 .text.CLOCK_InitSirc
                0x00000b84       0x64 CMakeFiles/MCXE247Sandbox.dir/Debug/home/hbl/Desktop/CbtcGitRepos_test/Code/Common/CbtcFX/NXP/drivers/MCXE247/fsl_clock.c.obj
                0x00000b84                CLOCK_InitSirc
 .text.CLOCK_DeinitFirc
                0x00000be8       0x2c CMakeFiles/MCXE247Sandbox.dir/Debug/home/hbl/Desktop/CbtcGitRepos_test/Code/Common/CbtcFX/NXP/drivers/MCXE247/fsl_clock.c.obj
                0x00000be8                CLOCK_DeinitFirc
 .text.CLOCK_InitFirc
                0x00000c14       0x70 CMakeFiles/MCXE247Sandbox.dir/Debug/home/hbl/Desktop/CbtcGitRepos_test/Code/Common/CbtcFX/NXP/drivers/MCXE247/fsl_clock.c.obj
                0x00000c14                CLOCK_InitFirc
 .text.GPIO_GetInstance
                0x00000c84       0x3c CMakeFiles/MCXE247Sandbox.dir/Debug/home/hbl/Desktop/CbtcGitRepos_test/Code/Common/CbtcFX/NXP/drivers/MCXE247/fsl_gpio.c.obj
 .text.GPIO_PinInit
                0x00000cc0       0x50 CMakeFiles/MCXE247Sandbox.dir/Debug/home/hbl/Desktop/CbtcGitRepos_test/Code/Common/CbtcFX/NXP/drivers/MCXE247/fsl_gpio.c.obj
                0x00000cc0                GPIO_PinInit
 .text.GPIO_PortClearInterruptFlags
                0x00000d10       0x1c CMakeFiles/MCXE247Sandbox.dir/Debug/home/hbl/Desktop/CbtcGitRepos_test/Code/Common/CbtcFX/NXP/drivers/MCXE247/fsl_gpio.c.obj
                0x00000d10                GPIO_PortClearInterruptFlags
 *(.rodata)
 .rodata        0x00000d2c        0x8 CMakeFiles/MCXE247Sandbox.dir/Debug/src/clock_config.c.obj
 *(.rodata*)
 .rodata.BOARD_BootClockRUN_InitClockModule.str1.4
                0x00000d34      0x1a7 CMakeFiles/MCXE247Sandbox.dir/Debug/src/clock_config.c.obj
                                 0x1d (size before relaxing)
 *fill*         0x00000edb        0x1 
 .rodata.__func__.6
                0x00000edc       0x23 CMakeFiles/MCXE247Sandbox.dir/Debug/src/clock_config.c.obj
 *fill*         0x00000eff        0x1 
 .rodata.g_scgFircConfig_BOARD_BootClockRUN
                0x00000f00        0xc CMakeFiles/MCXE247Sandbox.dir/Debug/src/clock_config.c.obj
                0x00000f00                g_scgFircConfig_BOARD_BootClockRUN
 .rodata.g_scgSircConfig_BOARD_BootClockRUN
                0x00000f0c        0x8 CMakeFiles/MCXE247Sandbox.dir/Debug/src/clock_config.c.obj
                0x00000f0c                g_scgSircConfig_BOARD_BootClockRUN
 .rodata.g_scgSysOscConfig_BOARD_BootClockRUN
                0x00000f14        0xc CMakeFiles/MCXE247Sandbox.dir/Debug/src/clock_config.c.obj
                0x00000f14                g_scgSysOscConfig_BOARD_BootClockRUN
 .rodata.CLOCK_EnableClock.str1.4
                0x00000f20       0x97 CMakeFiles/MCXE247Sandbox.dir/Debug/src/pin_mux.c.obj
 .rodata.__func__.1
                0x00000f20       0x12 CMakeFiles/MCXE247Sandbox.dir/Debug/src/pin_mux.c.obj
 .rodata.CLOCK_GetErClkFreq.str1.4
                0x00000f32       0x63 CMakeFiles/MCXE247Sandbox.dir/Debug/home/hbl/Desktop/CbtcGitRepos_test/Code/Common/CbtcFX/NXP/drivers/MCXE247/fsl_clock.c.obj
 .rodata.CLOCK_InitSysOsc.str1.4
                0x00000f32        0x7 CMakeFiles/MCXE247Sandbox.dir/Debug/home/hbl/Desktop/CbtcGitRepos_test/Code/Common/CbtcFX/NXP/drivers/MCXE247/fsl_clock.c.obj
 *fill*         0x00000f32        0x2 
 .rodata.__func__.2
                0x00000f34        0xf CMakeFiles/MCXE247Sandbox.dir/Debug/home/hbl/Desktop/CbtcGitRepos_test/Code/Common/CbtcFX/NXP/drivers/MCXE247/fsl_clock.c.obj
 *fill*         0x00000f43        0x1 
 .rodata.__func__.4
                0x00000f44        0xf CMakeFiles/MCXE247Sandbox.dir/Debug/home/hbl/Desktop/CbtcGitRepos_test/Code/Common/CbtcFX/NXP/drivers/MCXE247/fsl_clock.c.obj
 *fill*         0x00000f53        0x1 
 .rodata.__func__.6
                0x00000f54       0x11 CMakeFiles/MCXE247Sandbox.dir/Debug/home/hbl/Desktop/CbtcGitRepos_test/Code/Common/CbtcFX/NXP/drivers/MCXE247/fsl_clock.c.obj
 .rodata.GPIO_GetInstance.str1.4
                0x00000f65       0x7a CMakeFiles/MCXE247Sandbox.dir/Debug/home/hbl/Desktop/CbtcGitRepos_test/Code/Common/CbtcFX/NXP/drivers/MCXE247/fsl_gpio.c.obj
 .rodata.GPIO_PinInit.str1.4
                0x00000f65        0xf CMakeFiles/MCXE247Sandbox.dir/Debug/home/hbl/Desktop/CbtcGitRepos_test/Code/Common/CbtcFX/NXP/drivers/MCXE247/fsl_gpio.c.obj
 *fill*         0x00000f65        0x3 
 .rodata.__func__.0
                0x00000f68       0x11 CMakeFiles/MCXE247Sandbox.dir/Debug/home/hbl/Desktop/CbtcGitRepos_test/Code/Common/CbtcFX/NXP/drivers/MCXE247/fsl_gpio.c.obj
 *fill*         0x00000f79        0x3 
 .rodata.__func__.1
                0x00000f7c        0xd CMakeFiles/MCXE247Sandbox.dir/Debug/home/hbl/Desktop/CbtcGitRepos_test/Code/Common/CbtcFX/NXP/drivers/MCXE247/fsl_gpio.c.obj
 *fill*         0x00000f89        0x3 
 .rodata.s_gpioBases
                0x00000f8c       0x14 CMakeFiles/MCXE247Sandbox.dir/Debug/home/hbl/Desktop/CbtcGitRepos_test/Code/Common/CbtcFX/NXP/drivers/MCXE247/fsl_gpio.c.obj
 .rodata.s_portBases
                0x00000fa0       0x14 CMakeFiles/MCXE247Sandbox.dir/Debug/home/hbl/Desktop/CbtcGitRepos_test/Code/Common/CbtcFX/NXP/drivers/MCXE247/fsl_gpio.c.obj
 *(.glue_7)
 .glue_7        0x00000fb4        0x0 linker stubs
 *(.glue_7t)
 .glue_7t       0x00000fb4        0x0 linker stubs
 *(.eh_frame)
 *(.init)
 *(.fini)
                0x00000fb4                        . = ALIGN (0x4)

.vfp11_veneer   0x00000fb4        0x0
 .vfp11_veneer  0x00000fb4        0x0 linker stubs

.v4_bx          0x00000fb4        0x0
 .v4_bx         0x00000fb4        0x0 linker stubs

.iplt           0x00000fb4        0x0
 .iplt          0x00000fb4        0x0 CMakeFiles/MCXE247Sandbox.dir/Debug/home/hbl/Desktop/CbtcGitRepos_test/Code/Common/CbtcFX/NXP/includes/MCXE247/startup_MCXE247.S.obj

.rel.dyn        0x00000fb4        0x0
 .rel.iplt      0x00000fb4        0x0 CMakeFiles/MCXE247Sandbox.dir/Debug/home/hbl/Desktop/CbtcGitRepos_test/Code/Common/CbtcFX/NXP/includes/MCXE247/startup_MCXE247.S.obj

.ARM.extab
 *(.ARM.extab* .gnu.linkonce.armextab.*)

.ARM            0x00000fb4        0x0
                0x00000fb4                        __exidx_start = .
 *(.ARM.exidx*)
                0x00000fb4                        __exidx_end = .

.ctors          0x00000fb4        0x0
                0x00000fb4                        __CTOR_LIST__ = .
 *crtbegin.o(.ctors)
 *crtbegin?.o(.ctors)
 *(EXCLUDE_FILE(*crtend.o *crtend?.o) .ctors)
 *(SORT_BY_NAME(.ctors.*))
 *(.ctors)
                0x00000fb4                        __CTOR_END__ = .

.dtors          0x00000fb4        0x0
                0x00000fb4                        __DTOR_LIST__ = .
 *crtbegin.o(.dtors)
 *crtbegin?.o(.dtors)
 *(EXCLUDE_FILE(*crtend.o *crtend?.o) .dtors)
 *(SORT_BY_NAME(.dtors.*))
 *(.dtors)
                0x00000fb4                        __DTOR_END__ = .

.preinit_array  0x00000fb4        0x0
                [!provide]                        PROVIDE (__preinit_array_start = .)
 *(.preinit_array*)
                [!provide]                        PROVIDE (__preinit_array_end = .)

.init_array     0x00000fb4        0x0
                [!provide]                        PROVIDE (__init_array_start = .)
 *(SORT_BY_NAME(.init_array.*))
 *(.init_array*)
                [!provide]                        PROVIDE (__init_array_end = .)

.fini_array     0x00000fb4        0x0
                [!provide]                        PROVIDE (__fini_array_start = .)
 *(SORT_BY_NAME(.fini_array.*))
 *(.fini_array*)
                [!provide]                        PROVIDE (__fini_array_end = .)
                0x00000fb4                        __etext = .
                0x00000fb4                        __DATA_ROM = .

.data           0x1ffe0000        0x4 load address 0x00000fb4
                0x1ffe0000                        . = ALIGN (0x4)
                0x1ffe0000                        __DATA_RAM = .
                0x1ffe0000                        __data_start__ = .
 *(.data)
 *(.data*)
 .data.SystemCoreClock
                0x1ffe0000        0x4 CMakeFiles/MCXE247Sandbox.dir/Debug/home/hbl/Desktop/CbtcGitRepos_test/Code/Common/CbtcFX/NXP/includes/MCXE247/system_MCXE247.c.obj
                0x1ffe0000                SystemCoreClock
 *(NonCacheable.init)
 *(NonCacheable)
 *(CodeQuickAccess)
 *(DataQuickAccess)
 *(.jcr*)
                0x1ffe0004                        . = ALIGN (0x4)
                0x1ffe0004                        __data_end__ = .
                0x00000fb8                        __DATA_END = (__DATA_ROM + (__data_end__ - __data_start__))
                0x00180000                        text_end = (ORIGIN (m_text) + LENGTH (m_text))
                0x00000001                        ASSERT ((__DATA_END <= text_end), region m_text overflowed with text and data)

.igot.plt       0x1ffe0004        0x0 load address 0x00000fb8
 .igot.plt      0x1ffe0004        0x0 CMakeFiles/MCXE247Sandbox.dir/Debug/home/hbl/Desktop/CbtcGitRepos_test/Code/Common/CbtcFX/NXP/includes/MCXE247/startup_MCXE247.S.obj

.bss            0x1ffe0004        0x8 load address 0x00000fb8
                0x1ffe0004                        . = ALIGN (0x4)
                0x1ffe0004                        __START_BSS = .
                0x1ffe0004                        __bss_start__ = .
 *(.bss)
 *(.bss*)
 .bss.g_ButtonPress
                0x1ffe0004        0x1 CMakeFiles/MCXE247Sandbox.dir/Debug/src/gpio_input_interrupt.c.obj
                0x1ffe0004                g_ButtonPress
 *fill*         0x1ffe0005        0x3 
 .bss.g_xtal0Freq
                0x1ffe0008        0x4 CMakeFiles/MCXE247Sandbox.dir/Debug/home/hbl/Desktop/CbtcGitRepos_test/Code/Common/CbtcFX/NXP/drivers/MCXE247/fsl_clock.c.obj
                0x1ffe0008                g_xtal0Freq
 *(COMMON)
                0x1ffe000c                        . = ALIGN (0x4)
                0x1ffe000c                        __bss_end__ = .
                0x1ffe000c                        __END_BSS = .

.heap           0x20000000      0x400
                0x20000000                        . = ALIGN (0x8)
                0x20000000                        __end__ = .
                [!provide]                        PROVIDE (end = .)
                0x20000000                        __HeapBase = .
                0x20000400                        . = (. + HEAP_SIZE)
 *fill*         0x20000000      0x400 
                0x20000400                        __HeapLimit = .
                0x20000400                        __heap_limit = .

.stack          0x20000400      0x400
                0x20000400                        . = ALIGN (0x8)
                0x20000800                        . = (. + STACK_SIZE)
 *fill*         0x20000400      0x400 
                0x2001f000                        __StackTop = (ORIGIN (m_data_2) + LENGTH (m_data_2))
                0x2001ec00                        __StackLimit = (__StackTop - STACK_SIZE)
                [!provide]                        PROVIDE (__stack = __StackTop)

.ARM.attributes
                0x00000000       0x2a
 *(.ARM.attributes)
 .ARM.attributes
                0x00000000       0x1b CMakeFiles/MCXE247Sandbox.dir/Debug/home/hbl/Desktop/CbtcGitRepos_test/Code/Common/CbtcFX/NXP/includes/MCXE247/startup_MCXE247.S.obj
 .ARM.attributes
                0x0000001b       0x2e CMakeFiles/MCXE247Sandbox.dir/Debug/home/hbl/Desktop/CbtcGitRepos_test/Code/Common/CbtcFX/NXP/includes/MCXE247/system_MCXE247.c.obj
 .ARM.attributes
                0x00000049       0x2e CMakeFiles/MCXE247Sandbox.dir/Debug/src/min_runtime.c.obj
 .ARM.attributes
                0x00000077       0x2e CMakeFiles/MCXE247Sandbox.dir/Debug/src/board.c.obj
 .ARM.attributes
                0x000000a5       0x2e CMakeFiles/MCXE247Sandbox.dir/Debug/src/clock_config.c.obj
 .ARM.attributes
                0x000000d3       0x2e CMakeFiles/MCXE247Sandbox.dir/Debug/src/hardware_init.c.obj
 .ARM.attributes
                0x00000101       0x2e CMakeFiles/MCXE247Sandbox.dir/Debug/src/pin_mux.c.obj
 .ARM.attributes
                0x0000012f       0x2e CMakeFiles/MCXE247Sandbox.dir/Debug/src/gpio_input_interrupt.c.obj
 .ARM.attributes
                0x0000015d       0x2e CMakeFiles/MCXE247Sandbox.dir/Debug/home/hbl/Desktop/CbtcGitRepos_test/Code/Common/CbtcFX/NXP/drivers/MCXE247/fsl_clock.c.obj
 .ARM.attributes
                0x0000018b       0x2e CMakeFiles/MCXE247Sandbox.dir/Debug/home/hbl/Desktop/CbtcGitRepos_test/Code/Common/CbtcFX/NXP/drivers/MCXE247/fsl_gpio.c.obj
                0x00000001                        ASSERT ((__StackLimit >= __HeapLimit), region m_data_2 overflowed with stack and heap)
OUTPUT(Debug/MCXE247Sandbox.elf elf32-littlearm)
LOAD linker stubs

.debug_line     0x00000000     0x5916
 .debug_line    0x00000000      0x19e CMakeFiles/MCXE247Sandbox.dir/Debug/home/hbl/Desktop/CbtcGitRepos_test/Code/Common/CbtcFX/NXP/includes/MCXE247/startup_MCXE247.S.obj
 .debug_line    0x0000019e      0x6a4 CMakeFiles/MCXE247Sandbox.dir/Debug/home/hbl/Desktop/CbtcGitRepos_test/Code/Common/CbtcFX/NXP/includes/MCXE247/system_MCXE247.c.obj
 .debug_line    0x00000842      0x110 CMakeFiles/MCXE247Sandbox.dir/Debug/src/min_runtime.c.obj
 .debug_line    0x00000952      0x82e CMakeFiles/MCXE247Sandbox.dir/Debug/src/board.c.obj
 .debug_line    0x00001180      0xc5c CMakeFiles/MCXE247Sandbox.dir/Debug/src/clock_config.c.obj
 .debug_line    0x00001ddc      0x856 CMakeFiles/MCXE247Sandbox.dir/Debug/src/hardware_init.c.obj
 .debug_line    0x00002632      0xd68 CMakeFiles/MCXE247Sandbox.dir/Debug/src/pin_mux.c.obj
 .debug_line    0x0000339a      0x95b CMakeFiles/MCXE247Sandbox.dir/Debug/src/gpio_input_interrupt.c.obj
 .debug_line    0x00003cf5     0x12ab CMakeFiles/MCXE247Sandbox.dir/Debug/home/hbl/Desktop/CbtcGitRepos_test/Code/Common/CbtcFX/NXP/drivers/MCXE247/fsl_clock.c.obj
 .debug_line    0x00004fa0      0x976 CMakeFiles/MCXE247Sandbox.dir/Debug/home/hbl/Desktop/CbtcGitRepos_test/Code/Common/CbtcFX/NXP/drivers/MCXE247/fsl_gpio.c.obj

.debug_line_str
                0x00000000       0x66
 .debug_line_str
                0x00000000       0x66 CMakeFiles/MCXE247Sandbox.dir/Debug/home/hbl/Desktop/CbtcGitRepos_test/Code/Common/CbtcFX/NXP/includes/MCXE247/startup_MCXE247.S.obj

.debug_info     0x00000000     0x6de2
 .debug_info    0x00000000      0x9ff CMakeFiles/MCXE247Sandbox.dir/Debug/home/hbl/Desktop/CbtcGitRepos_test/Code/Common/CbtcFX/NXP/includes/MCXE247/startup_MCXE247.S.obj
 .debug_info    0x000009ff      0x3ec CMakeFiles/MCXE247Sandbox.dir/Debug/home/hbl/Desktop/CbtcGitRepos_test/Code/Common/CbtcFX/NXP/includes/MCXE247/system_MCXE247.c.obj
 .debug_info    0x00000deb      0x10e CMakeFiles/MCXE247Sandbox.dir/Debug/src/min_runtime.c.obj
 .debug_info    0x00000ef9       0x91 CMakeFiles/MCXE247Sandbox.dir/Debug/src/board.c.obj
 .debug_info    0x00000f8a     0x197c CMakeFiles/MCXE247Sandbox.dir/Debug/src/clock_config.c.obj
 .debug_info    0x00002906       0xeb CMakeFiles/MCXE247Sandbox.dir/Debug/src/hardware_init.c.obj
 .debug_info    0x000029f1     0x13a3 CMakeFiles/MCXE247Sandbox.dir/Debug/src/pin_mux.c.obj
 .debug_info    0x00003d94      0xd54 CMakeFiles/MCXE247Sandbox.dir/Debug/src/gpio_input_interrupt.c.obj
 .debug_info    0x00004ae8     0x1a00 CMakeFiles/MCXE247Sandbox.dir/Debug/home/hbl/Desktop/CbtcGitRepos_test/Code/Common/CbtcFX/NXP/drivers/MCXE247/fsl_clock.c.obj
 .debug_info    0x000064e8      0x8fa CMakeFiles/MCXE247Sandbox.dir/Debug/home/hbl/Desktop/CbtcGitRepos_test/Code/Common/CbtcFX/NXP/drivers/MCXE247/fsl_gpio.c.obj

.debug_abbrev   0x00000000     0x12f1
 .debug_abbrev  0x00000000       0x26 CMakeFiles/MCXE247Sandbox.dir/Debug/home/hbl/Desktop/CbtcGitRepos_test/Code/Common/CbtcFX/NXP/includes/MCXE247/startup_MCXE247.S.obj
 .debug_abbrev  0x00000026      0x19f CMakeFiles/MCXE247Sandbox.dir/Debug/home/hbl/Desktop/CbtcGitRepos_test/Code/Common/CbtcFX/NXP/includes/MCXE247/system_MCXE247.c.obj
 .debug_abbrev  0x000001c5       0xa3 CMakeFiles/MCXE247Sandbox.dir/Debug/src/min_runtime.c.obj
 .debug_abbrev  0x00000268       0x45 CMakeFiles/MCXE247Sandbox.dir/Debug/src/board.c.obj
 .debug_abbrev  0x000002ad      0x41c CMakeFiles/MCXE247Sandbox.dir/Debug/src/clock_config.c.obj
 .debug_abbrev  0x000006c9       0x62 CMakeFiles/MCXE247Sandbox.dir/Debug/src/hardware_init.c.obj
 .debug_abbrev  0x0000072b      0x2d5 CMakeFiles/MCXE247Sandbox.dir/Debug/src/pin_mux.c.obj
 .debug_abbrev  0x00000a00      0x2e4 CMakeFiles/MCXE247Sandbox.dir/Debug/src/gpio_input_interrupt.c.obj
 .debug_abbrev  0x00000ce4      0x393 CMakeFiles/MCXE247Sandbox.dir/Debug/home/hbl/Desktop/CbtcGitRepos_test/Code/Common/CbtcFX/NXP/drivers/MCXE247/fsl_clock.c.obj
 .debug_abbrev  0x00001077      0x27a CMakeFiles/MCXE247Sandbox.dir/Debug/home/hbl/Desktop/CbtcGitRepos_test/Code/Common/CbtcFX/NXP/drivers/MCXE247/fsl_gpio.c.obj

.debug_aranges  0x00000000      0x2e8
 .debug_aranges
                0x00000000       0x20 CMakeFiles/MCXE247Sandbox.dir/Debug/home/hbl/Desktop/CbtcGitRepos_test/Code/Common/CbtcFX/NXP/includes/MCXE247/startup_MCXE247.S.obj
 .debug_aranges
                0x00000020       0x38 CMakeFiles/MCXE247Sandbox.dir/Debug/home/hbl/Desktop/CbtcGitRepos_test/Code/Common/CbtcFX/NXP/includes/MCXE247/system_MCXE247.c.obj
 .debug_aranges
                0x00000058       0x28 CMakeFiles/MCXE247Sandbox.dir/Debug/src/min_runtime.c.obj
 .debug_aranges
                0x00000080       0x20 CMakeFiles/MCXE247Sandbox.dir/Debug/src/board.c.obj
 .debug_aranges
                0x000000a0       0x60 CMakeFiles/MCXE247Sandbox.dir/Debug/src/clock_config.c.obj
 .debug_aranges
                0x00000100       0x20 CMakeFiles/MCXE247Sandbox.dir/Debug/src/hardware_init.c.obj
 .debug_aranges
                0x00000120       0x68 CMakeFiles/MCXE247Sandbox.dir/Debug/src/pin_mux.c.obj
 .debug_aranges
                0x00000188       0x30 CMakeFiles/MCXE247Sandbox.dir/Debug/src/gpio_input_interrupt.c.obj
 .debug_aranges
                0x000001b8       0xe8 CMakeFiles/MCXE247Sandbox.dir/Debug/home/hbl/Desktop/CbtcGitRepos_test/Code/Common/CbtcFX/NXP/drivers/MCXE247/fsl_clock.c.obj
 .debug_aranges
                0x000002a0       0x48 CMakeFiles/MCXE247Sandbox.dir/Debug/home/hbl/Desktop/CbtcGitRepos_test/Code/Common/CbtcFX/NXP/drivers/MCXE247/fsl_gpio.c.obj

.debug_str      0x00000000    0x844f6
 .debug_str     0x00000000    0x844f6 CMakeFiles/MCXE247Sandbox.dir/Debug/home/hbl/Desktop/CbtcGitRepos_test/Code/Common/CbtcFX/NXP/includes/MCXE247/startup_MCXE247.S.obj
                               0x1317 (size before relaxing)
 .debug_str     0x000844f6    0x7831c CMakeFiles/MCXE247Sandbox.dir/Debug/home/hbl/Desktop/CbtcGitRepos_test/Code/Common/CbtcFX/NXP/includes/MCXE247/system_MCXE247.c.obj
 .debug_str     0x000844f6     0x39eb CMakeFiles/MCXE247Sandbox.dir/Debug/src/min_runtime.c.obj
 .debug_str     0x000844f6    0x7ef03 CMakeFiles/MCXE247Sandbox.dir/Debug/src/board.c.obj
 .debug_str     0x000844f6    0x8021b CMakeFiles/MCXE247Sandbox.dir/Debug/src/clock_config.c.obj
 .debug_str     0x000844f6    0x7f513 CMakeFiles/MCXE247Sandbox.dir/Debug/src/hardware_init.c.obj
 .debug_str     0x000844f6    0x7e132 CMakeFiles/MCXE247Sandbox.dir/Debug/src/pin_mux.c.obj
 .debug_str     0x000844f6    0x80d78 CMakeFiles/MCXE247Sandbox.dir/Debug/src/gpio_input_interrupt.c.obj
 .debug_str     0x000844f6    0x7f34d CMakeFiles/MCXE247Sandbox.dir/Debug/home/hbl/Desktop/CbtcGitRepos_test/Code/Common/CbtcFX/NXP/drivers/MCXE247/fsl_clock.c.obj
 .debug_str     0x000844f6    0x7dfa4 CMakeFiles/MCXE247Sandbox.dir/Debug/home/hbl/Desktop/CbtcGitRepos_test/Code/Common/CbtcFX/NXP/drivers/MCXE247/fsl_gpio.c.obj

.debug_loclists
                0x00000000     0x17db
 .debug_loclists
                0x00000000       0x5e CMakeFiles/MCXE247Sandbox.dir/Debug/home/hbl/Desktop/CbtcGitRepos_test/Code/Common/CbtcFX/NXP/includes/MCXE247/system_MCXE247.c.obj
 .debug_loclists
                0x0000005e       0x38 CMakeFiles/MCXE247Sandbox.dir/Debug/src/min_runtime.c.obj
 .debug_loclists
                0x00000096      0x2d4 CMakeFiles/MCXE247Sandbox.dir/Debug/src/clock_config.c.obj
 .debug_loclists
                0x0000036a      0x587 CMakeFiles/MCXE247Sandbox.dir/Debug/src/pin_mux.c.obj
 .debug_loclists
                0x000008f1       0x88 CMakeFiles/MCXE247Sandbox.dir/Debug/src/gpio_input_interrupt.c.obj
 .debug_loclists
                0x00000979      0xc83 CMakeFiles/MCXE247Sandbox.dir/Debug/home/hbl/Desktop/CbtcGitRepos_test/Code/Common/CbtcFX/NXP/drivers/MCXE247/fsl_clock.c.obj
 .debug_loclists
                0x000015fc      0x1df CMakeFiles/MCXE247Sandbox.dir/Debug/home/hbl/Desktop/CbtcGitRepos_test/Code/Common/CbtcFX/NXP/drivers/MCXE247/fsl_gpio.c.obj

.debug_rnglists
                0x00000000      0x218
 .debug_rnglists
                0x00000000       0x26 CMakeFiles/MCXE247Sandbox.dir/Debug/home/hbl/Desktop/CbtcGitRepos_test/Code/Common/CbtcFX/NXP/includes/MCXE247/system_MCXE247.c.obj
 .debug_rnglists
                0x00000026       0x19 CMakeFiles/MCXE247Sandbox.dir/Debug/src/min_runtime.c.obj
 .debug_rnglists
                0x0000003f       0x13 CMakeFiles/MCXE247Sandbox.dir/Debug/src/board.c.obj
 .debug_rnglists
                0x00000052       0x5f CMakeFiles/MCXE247Sandbox.dir/Debug/src/clock_config.c.obj
 .debug_rnglists
                0x000000b1       0x13 CMakeFiles/MCXE247Sandbox.dir/Debug/src/hardware_init.c.obj
 .debug_rnglists
                0x000000c4       0x4a CMakeFiles/MCXE247Sandbox.dir/Debug/src/pin_mux.c.obj
 .debug_rnglists
                0x0000010e       0x1f CMakeFiles/MCXE247Sandbox.dir/Debug/src/gpio_input_interrupt.c.obj
 .debug_rnglists
                0x0000012d       0xae CMakeFiles/MCXE247Sandbox.dir/Debug/home/hbl/Desktop/CbtcGitRepos_test/Code/Common/CbtcFX/NXP/drivers/MCXE247/fsl_clock.c.obj
 .debug_rnglists
                0x000001db       0x3d CMakeFiles/MCXE247Sandbox.dir/Debug/home/hbl/Desktop/CbtcGitRepos_test/Code/Common/CbtcFX/NXP/drivers/MCXE247/fsl_gpio.c.obj

.debug_macro    0x00000000    0x13e41
 .debug_macro   0x00000000      0x211 CMakeFiles/MCXE247Sandbox.dir/Debug/home/hbl/Desktop/CbtcGitRepos_test/Code/Common/CbtcFX/NXP/includes/MCXE247/system_MCXE247.c.obj
 .debug_macro   0x00000211      0xad8 CMakeFiles/MCXE247Sandbox.dir/Debug/home/hbl/Desktop/CbtcGitRepos_test/Code/Common/CbtcFX/NXP/includes/MCXE247/system_MCXE247.c.obj
 .debug_macro   0x00000ce9      0x34e CMakeFiles/MCXE247Sandbox.dir/Debug/home/hbl/Desktop/CbtcGitRepos_test/Code/Common/CbtcFX/NXP/includes/MCXE247/system_MCXE247.c.obj
 .debug_macro   0x00001037       0x38 CMakeFiles/MCXE247Sandbox.dir/Debug/home/hbl/Desktop/CbtcGitRepos_test/Code/Common/CbtcFX/NXP/includes/MCXE247/system_MCXE247.c.obj
 .debug_macro   0x0000106f       0x2e CMakeFiles/MCXE247Sandbox.dir/Debug/home/hbl/Desktop/CbtcGitRepos_test/Code/Common/CbtcFX/NXP/includes/MCXE247/system_MCXE247.c.obj
 .debug_macro   0x0000109d       0x10 CMakeFiles/MCXE247Sandbox.dir/Debug/home/hbl/Desktop/CbtcGitRepos_test/Code/Common/CbtcFX/NXP/includes/MCXE247/system_MCXE247.c.obj
 .debug_macro   0x000010ad       0x58 CMakeFiles/MCXE247Sandbox.dir/Debug/home/hbl/Desktop/CbtcGitRepos_test/Code/Common/CbtcFX/NXP/includes/MCXE247/system_MCXE247.c.obj
 .debug_macro   0x00001105      0x26d CMakeFiles/MCXE247Sandbox.dir/Debug/home/hbl/Desktop/CbtcGitRepos_test/Code/Common/CbtcFX/NXP/includes/MCXE247/system_MCXE247.c.obj
 .debug_macro   0x00001372       0x28 CMakeFiles/MCXE247Sandbox.dir/Debug/home/hbl/Desktop/CbtcGitRepos_test/Code/Common/CbtcFX/NXP/includes/MCXE247/system_MCXE247.c.obj
 .debug_macro   0x0000139a     0x1088 CMakeFiles/MCXE247Sandbox.dir/Debug/home/hbl/Desktop/CbtcGitRepos_test/Code/Common/CbtcFX/NXP/includes/MCXE247/system_MCXE247.c.obj
 .debug_macro   0x00002422       0x40 CMakeFiles/MCXE247Sandbox.dir/Debug/home/hbl/Desktop/CbtcGitRepos_test/Code/Common/CbtcFX/NXP/includes/MCXE247/system_MCXE247.c.obj
 .debug_macro   0x00002462     0x12b2 CMakeFiles/MCXE247Sandbox.dir/Debug/home/hbl/Desktop/CbtcGitRepos_test/Code/Common/CbtcFX/NXP/includes/MCXE247/system_MCXE247.c.obj
 .debug_macro   0x00003714      0x6b7 CMakeFiles/MCXE247Sandbox.dir/Debug/home/hbl/Desktop/CbtcGitRepos_test/Code/Common/CbtcFX/NXP/includes/MCXE247/system_MCXE247.c.obj
 .debug_macro   0x00003dcb      0x916 CMakeFiles/MCXE247Sandbox.dir/Debug/home/hbl/Desktop/CbtcGitRepos_test/Code/Common/CbtcFX/NXP/includes/MCXE247/system_MCXE247.c.obj
 .debug_macro   0x000046e1      0xf08 CMakeFiles/MCXE247Sandbox.dir/Debug/home/hbl/Desktop/CbtcGitRepos_test/Code/Common/CbtcFX/NXP/includes/MCXE247/system_MCXE247.c.obj
 .debug_macro   0x000055e9     0x14f8 CMakeFiles/MCXE247Sandbox.dir/Debug/home/hbl/Desktop/CbtcGitRepos_test/Code/Common/CbtcFX/NXP/includes/MCXE247/system_MCXE247.c.obj
 .debug_macro   0x00006ae1      0x3dd CMakeFiles/MCXE247Sandbox.dir/Debug/home/hbl/Desktop/CbtcGitRepos_test/Code/Common/CbtcFX/NXP/includes/MCXE247/system_MCXE247.c.obj
 .debug_macro   0x00006ebe      0x13c CMakeFiles/MCXE247Sandbox.dir/Debug/home/hbl/Desktop/CbtcGitRepos_test/Code/Common/CbtcFX/NXP/includes/MCXE247/system_MCXE247.c.obj
 .debug_macro   0x00006ffa     0x131f CMakeFiles/MCXE247Sandbox.dir/Debug/home/hbl/Desktop/CbtcGitRepos_test/Code/Common/CbtcFX/NXP/includes/MCXE247/system_MCXE247.c.obj
 .debug_macro   0x00008319       0x46 CMakeFiles/MCXE247Sandbox.dir/Debug/home/hbl/Desktop/CbtcGitRepos_test/Code/Common/CbtcFX/NXP/includes/MCXE247/system_MCXE247.c.obj
 .debug_macro   0x0000835f       0xa9 CMakeFiles/MCXE247Sandbox.dir/Debug/home/hbl/Desktop/CbtcGitRepos_test/Code/Common/CbtcFX/NXP/includes/MCXE247/system_MCXE247.c.obj
 .debug_macro   0x00008408       0xd3 CMakeFiles/MCXE247Sandbox.dir/Debug/home/hbl/Desktop/CbtcGitRepos_test/Code/Common/CbtcFX/NXP/includes/MCXE247/system_MCXE247.c.obj
 .debug_macro   0x000084db      0xf13 CMakeFiles/MCXE247Sandbox.dir/Debug/home/hbl/Desktop/CbtcGitRepos_test/Code/Common/CbtcFX/NXP/includes/MCXE247/system_MCXE247.c.obj
 .debug_macro   0x000093ee       0xe2 CMakeFiles/MCXE247Sandbox.dir/Debug/home/hbl/Desktop/CbtcGitRepos_test/Code/Common/CbtcFX/NXP/includes/MCXE247/system_MCXE247.c.obj
 .debug_macro   0x000094d0       0xa6 CMakeFiles/MCXE247Sandbox.dir/Debug/home/hbl/Desktop/CbtcGitRepos_test/Code/Common/CbtcFX/NXP/includes/MCXE247/system_MCXE247.c.obj
 .debug_macro   0x00009576      0x430 CMakeFiles/MCXE247Sandbox.dir/Debug/home/hbl/Desktop/CbtcGitRepos_test/Code/Common/CbtcFX/NXP/includes/MCXE247/system_MCXE247.c.obj
 .debug_macro   0x000099a6      0x3b9 CMakeFiles/MCXE247Sandbox.dir/Debug/home/hbl/Desktop/CbtcGitRepos_test/Code/Common/CbtcFX/NXP/includes/MCXE247/system_MCXE247.c.obj
 .debug_macro   0x00009d5f     0x1299 CMakeFiles/MCXE247Sandbox.dir/Debug/home/hbl/Desktop/CbtcGitRepos_test/Code/Common/CbtcFX/NXP/includes/MCXE247/system_MCXE247.c.obj
 .debug_macro   0x0000aff8       0x94 CMakeFiles/MCXE247Sandbox.dir/Debug/home/hbl/Desktop/CbtcGitRepos_test/Code/Common/CbtcFX/NXP/includes/MCXE247/system_MCXE247.c.obj
 .debug_macro   0x0000b08c      0x817 CMakeFiles/MCXE247Sandbox.dir/Debug/home/hbl/Desktop/CbtcGitRepos_test/Code/Common/CbtcFX/NXP/includes/MCXE247/system_MCXE247.c.obj
 .debug_macro   0x0000b8a3      0x308 CMakeFiles/MCXE247Sandbox.dir/Debug/home/hbl/Desktop/CbtcGitRepos_test/Code/Common/CbtcFX/NXP/includes/MCXE247/system_MCXE247.c.obj
 .debug_macro   0x0000bbab      0xa4b CMakeFiles/MCXE247Sandbox.dir/Debug/home/hbl/Desktop/CbtcGitRepos_test/Code/Common/CbtcFX/NXP/includes/MCXE247/system_MCXE247.c.obj
 .debug_macro   0x0000c5f6      0x2fc CMakeFiles/MCXE247Sandbox.dir/Debug/home/hbl/Desktop/CbtcGitRepos_test/Code/Common/CbtcFX/NXP/includes/MCXE247/system_MCXE247.c.obj
 .debug_macro   0x0000c8f2      0x5c4 CMakeFiles/MCXE247Sandbox.dir/Debug/home/hbl/Desktop/CbtcGitRepos_test/Code/Common/CbtcFX/NXP/includes/MCXE247/system_MCXE247.c.obj
 .debug_macro   0x0000ceb6      0x110 CMakeFiles/MCXE247Sandbox.dir/Debug/home/hbl/Desktop/CbtcGitRepos_test/Code/Common/CbtcFX/NXP/includes/MCXE247/system_MCXE247.c.obj
 .debug_macro   0x0000cfc6      0x907 CMakeFiles/MCXE247Sandbox.dir/Debug/home/hbl/Desktop/CbtcGitRepos_test/Code/Common/CbtcFX/NXP/includes/MCXE247/system_MCXE247.c.obj
 .debug_macro   0x0000d8cd      0x4fa CMakeFiles/MCXE247Sandbox.dir/Debug/home/hbl/Desktop/CbtcGitRepos_test/Code/Common/CbtcFX/NXP/includes/MCXE247/system_MCXE247.c.obj
 .debug_macro   0x0000ddc7      0x464 CMakeFiles/MCXE247Sandbox.dir/Debug/home/hbl/Desktop/CbtcGitRepos_test/Code/Common/CbtcFX/NXP/includes/MCXE247/system_MCXE247.c.obj
 .debug_macro   0x0000e22b      0x1bd CMakeFiles/MCXE247Sandbox.dir/Debug/home/hbl/Desktop/CbtcGitRepos_test/Code/Common/CbtcFX/NXP/includes/MCXE247/system_MCXE247.c.obj
 .debug_macro   0x0000e3e8       0x71 CMakeFiles/MCXE247Sandbox.dir/Debug/home/hbl/Desktop/CbtcGitRepos_test/Code/Common/CbtcFX/NXP/includes/MCXE247/system_MCXE247.c.obj
 .debug_macro   0x0000e459      0x26a CMakeFiles/MCXE247Sandbox.dir/Debug/home/hbl/Desktop/CbtcGitRepos_test/Code/Common/CbtcFX/NXP/includes/MCXE247/system_MCXE247.c.obj
 .debug_macro   0x0000e6c3      0x110 CMakeFiles/MCXE247Sandbox.dir/Debug/home/hbl/Desktop/CbtcGitRepos_test/Code/Common/CbtcFX/NXP/includes/MCXE247/system_MCXE247.c.obj
 .debug_macro   0x0000e7d3      0x1ae CMakeFiles/MCXE247Sandbox.dir/Debug/home/hbl/Desktop/CbtcGitRepos_test/Code/Common/CbtcFX/NXP/includes/MCXE247/system_MCXE247.c.obj
 .debug_macro   0x0000e981      0xa2d CMakeFiles/MCXE247Sandbox.dir/Debug/home/hbl/Desktop/CbtcGitRepos_test/Code/Common/CbtcFX/NXP/includes/MCXE247/system_MCXE247.c.obj
 .debug_macro   0x0000f3ae      0x46d CMakeFiles/MCXE247Sandbox.dir/Debug/home/hbl/Desktop/CbtcGitRepos_test/Code/Common/CbtcFX/NXP/includes/MCXE247/system_MCXE247.c.obj
 .debug_macro   0x0000f81b      0x238 CMakeFiles/MCXE247Sandbox.dir/Debug/home/hbl/Desktop/CbtcGitRepos_test/Code/Common/CbtcFX/NXP/includes/MCXE247/system_MCXE247.c.obj
 .debug_macro   0x0000fa53      0x4f3 CMakeFiles/MCXE247Sandbox.dir/Debug/home/hbl/Desktop/CbtcGitRepos_test/Code/Common/CbtcFX/NXP/includes/MCXE247/system_MCXE247.c.obj
 .debug_macro   0x0000ff46      0x6c2 CMakeFiles/MCXE247Sandbox.dir/Debug/home/hbl/Desktop/CbtcGitRepos_test/Code/Common/CbtcFX/NXP/includes/MCXE247/system_MCXE247.c.obj
 .debug_macro   0x00010608      0x125 CMakeFiles/MCXE247Sandbox.dir/Debug/home/hbl/Desktop/CbtcGitRepos_test/Code/Common/CbtcFX/NXP/includes/MCXE247/system_MCXE247.c.obj
 .debug_macro   0x0001072d      0x4e6 CMakeFiles/MCXE247Sandbox.dir/Debug/home/hbl/Desktop/CbtcGitRepos_test/Code/Common/CbtcFX/NXP/includes/MCXE247/system_MCXE247.c.obj
 .debug_macro   0x00010c13      0x144 CMakeFiles/MCXE247Sandbox.dir/Debug/home/hbl/Desktop/CbtcGitRepos_test/Code/Common/CbtcFX/NXP/includes/MCXE247/system_MCXE247.c.obj
 .debug_macro   0x00010d57      0x1b1 CMakeFiles/MCXE247Sandbox.dir/Debug/home/hbl/Desktop/CbtcGitRepos_test/Code/Common/CbtcFX/NXP/includes/MCXE247/system_MCXE247.c.obj
 .debug_macro   0x00010f08       0x24 CMakeFiles/MCXE247Sandbox.dir/Debug/src/min_runtime.c.obj
 .debug_macro   0x00010f2c      0x36c CMakeFiles/MCXE247Sandbox.dir/Debug/src/board.c.obj
 .debug_macro   0x00011298       0x22 CMakeFiles/MCXE247Sandbox.dir/Debug/src/board.c.obj
 .debug_macro   0x000112ba       0x75 CMakeFiles/MCXE247Sandbox.dir/Debug/src/board.c.obj
 .debug_macro   0x0001132f       0x24 CMakeFiles/MCXE247Sandbox.dir/Debug/src/board.c.obj
 .debug_macro   0x00011353       0x5c CMakeFiles/MCXE247Sandbox.dir/Debug/src/board.c.obj
 .debug_macro   0x000113af       0x3c CMakeFiles/MCXE247Sandbox.dir/Debug/src/board.c.obj
 .debug_macro   0x000113eb       0x34 CMakeFiles/MCXE247Sandbox.dir/Debug/src/board.c.obj
 .debug_macro   0x0001141f       0x1c CMakeFiles/MCXE247Sandbox.dir/Debug/src/board.c.obj
 .debug_macro   0x0001143b       0x22 CMakeFiles/MCXE247Sandbox.dir/Debug/src/board.c.obj
 .debug_macro   0x0001145d      0x190 CMakeFiles/MCXE247Sandbox.dir/Debug/src/board.c.obj
 .debug_macro   0x000115ed       0x57 CMakeFiles/MCXE247Sandbox.dir/Debug/src/board.c.obj
 .debug_macro   0x00011644      0x364 CMakeFiles/MCXE247Sandbox.dir/Debug/src/board.c.obj
 .debug_macro   0x000119a8       0x16 CMakeFiles/MCXE247Sandbox.dir/Debug/src/board.c.obj
 .debug_macro   0x000119be       0x4a CMakeFiles/MCXE247Sandbox.dir/Debug/src/board.c.obj
 .debug_macro   0x00011a08       0x34 CMakeFiles/MCXE247Sandbox.dir/Debug/src/board.c.obj
 .debug_macro   0x00011a3c       0x10 CMakeFiles/MCXE247Sandbox.dir/Debug/src/board.c.obj
 .debug_macro   0x00011a4c       0x58 CMakeFiles/MCXE247Sandbox.dir/Debug/src/board.c.obj
 .debug_macro   0x00011aa4      0x1e5 CMakeFiles/MCXE247Sandbox.dir/Debug/src/board.c.obj
 .debug_macro   0x00011c89       0x10 CMakeFiles/MCXE247Sandbox.dir/Debug/src/board.c.obj
 .debug_macro   0x00011c99       0x3c CMakeFiles/MCXE247Sandbox.dir/Debug/src/board.c.obj
 .debug_macro   0x00011cd5       0x16 CMakeFiles/MCXE247Sandbox.dir/Debug/src/board.c.obj
 .debug_macro   0x00011ceb       0x22 CMakeFiles/MCXE247Sandbox.dir/Debug/src/board.c.obj
 .debug_macro   0x00011d0d       0x88 CMakeFiles/MCXE247Sandbox.dir/Debug/src/board.c.obj
 .debug_macro   0x00011d95       0xf5 CMakeFiles/MCXE247Sandbox.dir/Debug/src/board.c.obj
 .debug_macro   0x00011e8a       0xd6 CMakeFiles/MCXE247Sandbox.dir/Debug/src/board.c.obj
 .debug_macro   0x00011f60      0x383 CMakeFiles/MCXE247Sandbox.dir/Debug/src/board.c.obj
 .debug_macro   0x000122e3       0x16 CMakeFiles/MCXE247Sandbox.dir/Debug/src/board.c.obj
 .debug_macro   0x000122f9      0x112 CMakeFiles/MCXE247Sandbox.dir/Debug/src/board.c.obj
 .debug_macro   0x0001240b      0x374 CMakeFiles/MCXE247Sandbox.dir/Debug/src/clock_config.c.obj
 .debug_macro   0x0001277f      0x37d CMakeFiles/MCXE247Sandbox.dir/Debug/src/clock_config.c.obj
 .debug_macro   0x00012afc      0x37f CMakeFiles/MCXE247Sandbox.dir/Debug/src/hardware_init.c.obj
 .debug_macro   0x00012e7b      0x112 CMakeFiles/MCXE247Sandbox.dir/Debug/src/hardware_init.c.obj
 .debug_macro   0x00012f8d      0x366 CMakeFiles/MCXE247Sandbox.dir/Debug/src/pin_mux.c.obj
 .debug_macro   0x000132f3       0x16 CMakeFiles/MCXE247Sandbox.dir/Debug/src/pin_mux.c.obj
 .debug_macro   0x00013309      0x391 CMakeFiles/MCXE247Sandbox.dir/Debug/src/gpio_input_interrupt.c.obj
 .debug_macro   0x0001369a       0x10 CMakeFiles/MCXE247Sandbox.dir/Debug/src/gpio_input_interrupt.c.obj
 .debug_macro   0x000136aa       0x3a CMakeFiles/MCXE247Sandbox.dir/Debug/src/gpio_input_interrupt.c.obj
 .debug_macro   0x000136e4      0x3ed CMakeFiles/MCXE247Sandbox.dir/Debug/home/hbl/Desktop/CbtcGitRepos_test/Code/Common/CbtcFX/NXP/drivers/MCXE247/fsl_clock.c.obj
 .debug_macro   0x00013ad1      0x360 CMakeFiles/MCXE247Sandbox.dir/Debug/home/hbl/Desktop/CbtcGitRepos_test/Code/Common/CbtcFX/NXP/drivers/MCXE247/fsl_gpio.c.obj
 .debug_macro   0x00013e31       0x10 CMakeFiles/MCXE247Sandbox.dir/Debug/home/hbl/Desktop/CbtcGitRepos_test/Code/Common/CbtcFX/NXP/drivers/MCXE247/fsl_gpio.c.obj

.comment        0x00000000       0x46
 .comment       0x00000000       0x46 CMakeFiles/MCXE247Sandbox.dir/Debug/home/hbl/Desktop/CbtcGitRepos_test/Code/Common/CbtcFX/NXP/includes/MCXE247/system_MCXE247.c.obj
                                 0x47 (size before relaxing)
 .comment       0x00000046       0x47 CMakeFiles/MCXE247Sandbox.dir/Debug/src/min_runtime.c.obj
 .comment       0x00000046       0x47 CMakeFiles/MCXE247Sandbox.dir/Debug/src/board.c.obj
 .comment       0x00000046       0x47 CMakeFiles/MCXE247Sandbox.dir/Debug/src/clock_config.c.obj
 .comment       0x00000046       0x47 CMakeFiles/MCXE247Sandbox.dir/Debug/src/hardware_init.c.obj
 .comment       0x00000046       0x47 CMakeFiles/MCXE247Sandbox.dir/Debug/src/pin_mux.c.obj
 .comment       0x00000046       0x47 CMakeFiles/MCXE247Sandbox.dir/Debug/src/gpio_input_interrupt.c.obj
 .comment       0x00000046       0x47 CMakeFiles/MCXE247Sandbox.dir/Debug/home/hbl/Desktop/CbtcGitRepos_test/Code/Common/CbtcFX/NXP/drivers/MCXE247/fsl_clock.c.obj
 .comment       0x00000046       0x47 CMakeFiles/MCXE247Sandbox.dir/Debug/home/hbl/Desktop/CbtcGitRepos_test/Code/Common/CbtcFX/NXP/drivers/MCXE247/fsl_gpio.c.obj

.debug_frame    0x00000000      0x840
 .debug_frame   0x00000000       0x90 CMakeFiles/MCXE247Sandbox.dir/Debug/home/hbl/Desktop/CbtcGitRepos_test/Code/Common/CbtcFX/NXP/includes/MCXE247/system_MCXE247.c.obj
 .debug_frame   0x00000090       0x44 CMakeFiles/MCXE247Sandbox.dir/Debug/src/min_runtime.c.obj
 .debug_frame   0x000000d4       0x30 CMakeFiles/MCXE247Sandbox.dir/Debug/src/board.c.obj
 .debug_frame   0x00000104      0x140 CMakeFiles/MCXE247Sandbox.dir/Debug/src/clock_config.c.obj
 .debug_frame   0x00000244       0x2c CMakeFiles/MCXE247Sandbox.dir/Debug/src/hardware_init.c.obj
 .debug_frame   0x00000270      0x134 CMakeFiles/MCXE247Sandbox.dir/Debug/src/pin_mux.c.obj
 .debug_frame   0x000003a4       0x6c CMakeFiles/MCXE247Sandbox.dir/Debug/src/gpio_input_interrupt.c.obj
 .debug_frame   0x00000410      0x368 CMakeFiles/MCXE247Sandbox.dir/Debug/home/hbl/Desktop/CbtcGitRepos_test/Code/Common/CbtcFX/NXP/drivers/MCXE247/fsl_clock.c.obj
 .debug_frame   0x00000778       0xc8 CMakeFiles/MCXE247Sandbox.dir/Debug/home/hbl/Desktop/CbtcGitRepos_test/Code/Common/CbtcFX/NXP/drivers/MCXE247/fsl_gpio.c.obj
