/home/hbl/Desktop/CbtcGitRepos_test/Code/Common/CbtcFX/NXP/drivers/MCXE247/fsl_clock.c:88:10:CLOCK_GetErClkFreq	8	static
/home/hbl/Desktop/CbtcGitRepos_test/Code/Common/CbtcFX/NXP/drivers/MCXE247/fsl_clock.c:111:10:CLOCK_GetLpoClkFreq	4	static
/home/hbl/Desktop/CbtcGitRepos_test/Code/Common/CbtcFX/NXP/drivers/MCXE247/fsl_clock.c:451:10:CLOCK_DeinitSysOsc	4	static
/home/hbl/Desktop/CbtcGitRepos_test/Code/Common/CbtcFX/NXP/drivers/MCXE247/fsl_clock.c:384:10:CLOCK_InitSysOsc	16	static
/home/hbl/Desktop/CbtcGitRepos_test/Code/Common/CbtcFX/NXP/drivers/MCXE247/fsl_clock.c:481:10:CLOCK_GetSysOscFreq	8	static
/home/hbl/Desktop/CbtcGitRepos_test/Code/Common/CbtcFX/NXP/drivers/MCXE247/fsl_clock.c:1046:17:CLOCK_GetSysPllCommonFreq	8	static
/home/hbl/Desktop/CbtcGitRepos_test/Code/Common/CbtcFX/NXP/drivers/MCXE247/fsl_clock.c:505:10:CLOCK_GetSysOscAsyncFreq	16	static
/home/hbl/Desktop/CbtcGitRepos_test/Code/Common/CbtcFX/NXP/drivers/MCXE247/fsl_clock.c:594:10:CLOCK_DeinitSirc	4	static
/home/hbl/Desktop/CbtcGitRepos_test/Code/Common/CbtcFX/NXP/drivers/MCXE247/fsl_clock.c:553:10:CLOCK_InitSirc	16	static
/home/hbl/Desktop/CbtcGitRepos_test/Code/Common/CbtcFX/NXP/drivers/MCXE247/fsl_clock.c:623:10:CLOCK_GetSircFreq	4	static
/home/hbl/Desktop/CbtcGitRepos_test/Code/Common/CbtcFX/NXP/drivers/MCXE247/fsl_clock.c:646:10:CLOCK_GetSircAsyncFreq	16	static
/home/hbl/Desktop/CbtcGitRepos_test/Code/Common/CbtcFX/NXP/drivers/MCXE247/fsl_clock.c:739:10:CLOCK_DeinitFirc	4	static
/home/hbl/Desktop/CbtcGitRepos_test/Code/Common/CbtcFX/NXP/drivers/MCXE247/fsl_clock.c:693:10:CLOCK_InitFirc	16	static
/home/hbl/Desktop/CbtcGitRepos_test/Code/Common/CbtcFX/NXP/drivers/MCXE247/fsl_clock.c:767:10:CLOCK_GetFircFreq	4	static
/home/hbl/Desktop/CbtcGitRepos_test/Code/Common/CbtcFX/NXP/drivers/MCXE247/fsl_clock.c:793:10:CLOCK_GetFircAsyncFreq	16	static
/home/hbl/Desktop/CbtcGitRepos_test/Code/Common/CbtcFX/NXP/drivers/MCXE247/fsl_clock.c:842:10:CLOCK_GetSysPllMultDiv	48	static
/home/hbl/Desktop/CbtcGitRepos_test/Code/Common/CbtcFX/NXP/drivers/MCXE247/fsl_clock.c:1021:10:CLOCK_DeinitSysPll	4	static
/home/hbl/Desktop/CbtcGitRepos_test/Code/Common/CbtcFX/NXP/drivers/MCXE247/fsl_clock.c:975:10:CLOCK_InitSysPll	16	static
/home/hbl/Desktop/CbtcGitRepos_test/Code/Common/CbtcFX/NXP/drivers/MCXE247/fsl_clock.c:1066:10:CLOCK_GetSysPllFreq	8	static
/home/hbl/Desktop/CbtcGitRepos_test/Code/Common/CbtcFX/NXP/drivers/MCXE247/fsl_clock.c:325:10:CLOCK_GetSysClkFreq	24	static
/home/hbl/Desktop/CbtcGitRepos_test/Code/Common/CbtcFX/NXP/drivers/MCXE247/fsl_clock.c:139:10:CLOCK_GetFlashClkFreq	8	static
/home/hbl/Desktop/CbtcGitRepos_test/Code/Common/CbtcFX/NXP/drivers/MCXE247/fsl_clock.c:149:10:CLOCK_GetBusClkFreq	8	static
/home/hbl/Desktop/CbtcGitRepos_test/Code/Common/CbtcFX/NXP/drivers/MCXE247/fsl_clock.c:159:10:CLOCK_GetCoreSysClkFreq	8	static
/home/hbl/Desktop/CbtcGitRepos_test/Code/Common/CbtcFX/NXP/drivers/MCXE247/fsl_clock.c:1088:10:CLOCK_GetSysPllAsyncFreq	16	static
/home/hbl/Desktop/CbtcGitRepos_test/Code/Common/CbtcFX/NXP/drivers/MCXE247/fsl_clock.c:173:10:CLOCK_GetFreq	8	static
/home/hbl/Desktop/CbtcGitRepos_test/Code/Common/CbtcFX/NXP/drivers/MCXE247/fsl_clock.c:263:10:CLOCK_GetIpFreq	16	static
