/home/hbl/Desktop/CbtcGitRepos_test/Code/Common/CbtcFX/NXP/drivers/MCXE247/fsl_gpio.c:106:17:GPIO_GetInstance	8	static
/home/hbl/Desktop/CbtcGitRepos_test/Code/Common/CbtcFX/NXP/drivers/MCXE247/fsl_gpio.c:157:6:GPIO_PortInit	4	static
/home/hbl/Desktop/CbtcGitRepos_test/Code/Common/CbtcFX/NXP/drivers/MCXE247/fsl_gpio.c:173:6:GPIO_PortDenit	4	static
/home/hbl/Desktop/CbtcGitRepos_test/Code/Common/CbtcFX/NXP/drivers/MCXE247/fsl_gpio.c:204:6:GPIO_PinInit	8	static
/home/hbl/Desktop/CbtcGitRepos_test/Code/Common/CbtcFX/NXP/drivers/MCXE247/fsl_gpio.c:250:10:GPIO_PortGetInterruptFlags	8	static
/home/hbl/Desktop/CbtcGitRepos_test/Code/Common/CbtcFX/NXP/drivers/MCXE247/fsl_gpio.c:308:6:GPIO_PortClearInterruptFlags	16	static
